main.c:219:6:enableDiag	16	static
main.c:244:6:disableDiag	16	static
main.c:270:6:ReadADC	24	static
main.c:335:7:readIS	16	static
main.c:439:7:diagRead	32	static
main.c:475:5:diagnosisOff	24	static
main.c:503:6:PortStatus	24	static
main.c:598:6:WriteShieldLED	24	static
main.c:639:6:WriteShieldIN	24	static
main.c:680:6:PrintStatus	48	static
main.c:692:6:PrintADC	216	static
main.c:731:6:HAL_TIM_PeriodElapsedCallback	16	static
main.c:738:6:HAL_UART_RxCpltCallback	16	static
main.c:748:5:__io_putchar	24	static
main.c:754:5:__io_getchar	8	static
main.c:785:5:main	16	static
main.c:887:6:SystemClock_Config	88	static
main.c:941:13:MX_ADC1_Init	24	static
main.c:1008:13:MX_TIM6_Init	16	static
main.c:1047:13:MX_USART2_UART_Init	8	static
main.c:1078:13:MX_DMA_Init	16	static
main.c:1096:13:MX_GPIO_Init	48	static
main.c:1165:6:Error_Handler	4	static,ignoring_inline_asm
