main.c:83:10:pow2	16	static
main.c:88:6:ExponentialFilter_Init	16	static
main.c:96:6:ExponentialFilter_Init_Y	16	static
main.c:103:6:ExponentialFilter_Init_Y_T	24	static
main.c:111:6:ExponentialFilter_setFilter	24	static
main.c:119:6:ExponentialFilter_setTau	16	static
main.c:124:6:ExponentialFilter_setToNewValue	16	static
main.c:129:7:ExponentialFilter_input	16	static
main.c:138:7:ExponentialFilter_output	16	static
main.c:143:6:ADC_Port1_3	4	static
main.c:147:6:ADC_Port2_4	4	static
main.c:155:7:changeRawToCurrent	24	static
main.c:172:5:main	32	static
main.c:263:6:SystemClock_Config	88	static
main.c:317:13:MX_ADC1_Init	24	static
main.c:385:13:MX_TIM6_Init	16	static
main.c:424:13:MX_USART2_UART_Init	8	static
main.c:457:13:MX_GPIO_Init	48	static
main.c:525:6:Error_Handler	4	static,ignoring_inline_asm
